 cat /etc/redhat-release
CentOS Linux release 7.6.1810 (Core) 
]0;root@localhost:~[root@localhost ~]#  lscpu | grep "Model name" | cut -f2 -d:
            Intel(R) Xeon(R) CPU E5-2680 v2 @ 2.80GHz
]0;root@localhost:~[root@localhost ~]#  free
              total        used        free      shared  buff/cache   available
Mem:       24522556    17429516      288972       28048     6804068     6584800
Swap:       5242876       62464     5180412
]0;root@localhost:~[root@localhost ~]#  fdisk -l

Disk /dev/sda: 53.7 GB, 53687091200 bytes, 104857600 sectors
Units = sectors of 1 * 512 = 512 bytes
Sector size (logical/physical): 512 bytes / 512 bytes
I/O size (minimum/optimal): 512 bytes / 512 bytes
Disk label type: dos
Disk identifier: 0x000ccca5

   Device Boot      Start         End      Blocks   Id  System
/dev/sda1   *        2048     2099199     1048576   83  Linux
/dev/sda2         2099200   104857599    51379200   8e  Linux LVM

Disk /dev/mapper/centos-root: 47.2 GB, 47240445952 bytes, 92266496 sectors
Units = sectors of 1 * 512 = 512 bytes
Sector size (logical/physical): 512 bytes / 512 bytes
I/O size (minimum/optimal): 512 bytes / 512 bytes


Disk /dev/mapper/centos-swap: 5368 MB, 5368709120 bytes, 10485760 sectors
Units = sectors of 1 * 512 = 512 bytes
Sector size (logical/physical): 512 bytes / 512 bytes
I/O size (minimum/optimal): 512 bytes / 512 bytes

]0;root@localhost:~[root@localhost ~]#  ifconfig
ens192: flags=4163<UP,BROADCAST,RUNNING,MULTICAST>  mtu 1500
        inet 10.215.7.29  netmask 255.255.240.0  broadcast 10.215.15.255
        inet6 fe80::250:56ff:fe9a:9f55  prefixlen 64  scopeid 0x20<link>
        ether 00:50:56:9a:9f:55  txqueuelen 1000  (Ethernet)
        RX packets 266142117  bytes 27007182748 (25.1 GiB)
        RX errors 0  dropped 352721  overruns 0  frame 0
        TX packets 3300294  bytes 3799016196 (3.5 GiB)
        TX errors 0  dropped 0 overruns 0  carrier 0  collisions 0

lo: flags=73<UP,LOOPBACK,RUNNING>  mtu 65536
        inet 127.0.0.1  netmask 255.0.0.0
        inet6 ::1  prefixlen 128  scopeid 0x10<host>
        loop  txqueuelen 1000  (Local Loopback)
        RX packets 876625949  bytes 139097731507 (129.5 GiB)
        RX errors 0  dropped 0  overruns 0  frame 0
        TX packets 876625949  bytes 139097731507 (129.5 GiB)
        TX errors 0  dropped 0 overruns 0  carrier 0  collisions 0

]0;root@localhost:~[root@localhost ~]#  last
root     pts/2        10.215.7.29      Thu Apr 14 09:24   still logged in   
root     pts/2        10.215.7.29      Wed Apr 13 18:12 - 18:12  (00:00)    
root     pts/3        10.215.7.29      Wed Apr 13 18:09 - 18:10  (00:00)    
root     pts/2        10.215.7.29      Wed Apr 13 18:05 - 18:06  (00:00)    
root     pts/0        192.168.221.130  Mon Apr 11 11:48   still logged in   
root     pts/0        192.168.221.130  Fri Apr  8 09:56 - 21:05  (11:09)    
root     pts/2        192.168.221.130  Thu Apr  7 09:18 - 07:42  (22:24)    
root     pts/0        192.168.221.130  Thu Apr  7 09:16 - 07:42  (22:25)    
root     pts/0        192.168.221.130  Wed Apr  6 16:16 - 21:05  (04:48)    
root     pts/1        192.168.221.108  Wed Apr  6 11:35 - 17:50 (4+06:15)   
root     pts/0        192.168.221.130  Wed Apr  6 09:59 - 13:00  (03:00)    
root     pts/0        192.168.221.130  Sat Apr  2 16:38 - 20:20  (03:41)    
root     pts/1        192.168.218.217  Sat Apr  2 11:34 - 18:08  (06:33)    
root     pts/0        192.168.218.217  Sat Apr  2 10:32 - 15:07  (04:35)    
root     pts/2        192.168.218.242  Fri Apr  1 15:31 - 18:15  (02:44)    
root     pts/1        192.168.218.242  Fri Apr  1 15:31 - 18:16  (02:45)    
root     pts/0        192.168.218.242  Fri Apr  1 15:29 - 18:15  (02:46)    
root     pts/0        192.168.207.2    Fri Apr  1 09:24 - 12:37  (03:13)    
root     pts/0        192.168.207.2    Thu Mar 31 18:20 - 20:49  (02:28)    
root     pts/0        192.168.207.2    Wed Mar 30 14:13 - 23:31  (09:18)    
root     pts/0        192.168.207.2    Mon Mar 28 09:30 - 23:27  (13:56)    
root     pts/2        192.168.207.2    Fri Mar 25 14:38 - 18:20  (03:42)    
root     pts/0        192.168.207.2    Fri Mar 25 10:34 - 15:44  (05:10)    
root     pts/0        192.168.207.2    Thu Mar 24 09:46 - 23:38  (13:52)    
root     pts/1        192.168.221.108  Wed Mar 23 17:54 - 16:25 (5+22:31)   
root     pts/0        192.168.207.2    Wed Mar 23 15:57 - 20:05  (04:07)    
root     pts/0        192.168.207.2    Tue Mar 22 09:55 - 21:15  (11:20)    
root     pts/0        192.168.207.2    Mon Mar 21 10:57 - 20:19  (09:22)    
root     pts/2        192.168.218.117  Fri Mar 18 10:34 - 11:08  (00:34)    
root     pts/1        192.168.218.117  Fri Mar 18 10:23 - 11:08  (00:45)    
root     pts/0        192.168.207.2    Fri Mar 18 09:50 - 20:28  (10:38)    
root     pts/0        192.168.207.2    Thu Mar 17 15:29 - 20:32  (05:02)    
root     pts/0        192.168.207.2    Wed Mar 16 15:53 - 20:52  (04:59)    
root     pts/1        10.217.0.4       Tue Mar 15 16:43 - 19:15  (02:31)    
root     pts/1        10.217.0.4       Tue Mar 15 13:43 - 16:09  (02:25)    
root     pts/0        192.168.207.2    Tue Mar 15 09:25 - 20:34  (11:09)    
root     pts/1        10.217.0.6       Mon Mar 14 17:21 - 19:32  (02:11)    
root     pts/1        192.168.207.2    Mon Mar 14 14:13 - 16:49  (02:35)    
root     pts/0        192.168.207.2    Mon Mar 14 11:00 - 20:41  (09:41)    
root     pts/2        192.168.207.2    Thu Mar 10 14:33 - 15:36  (01:03)    
root     pts/1        192.168.207.2    Thu Mar 10 13:40 - 20:45  (07:05)    
root     pts/0        192.168.207.2    Thu Mar 10 13:38 - 20:45  (07:06)    
root     pts/0        192.168.221.127  Fri Mar  4 14:53 - 20:43  (05:49)    
root     pts/1        192.168.221.127  Thu Mar  3 13:55 - 16:39  (02:44)    
root     pts/0        192.168.221.127  Thu Mar  3 10:58 - 14:08  (03:10)    
root     pts/0        192.168.221.127  Wed Mar  2 14:18 - 20:12  (05:53)    
root     pts/0        192.168.221.127  Wed Mar  2 10:18 - 14:17  (03:59)    
root     pts/1        192.168.221.127  Tue Mar  1 17:33 - 20:52  (03:19)    
root     pts/0        192.168.221.127  Tue Mar  1 14:36 - 17:53  (03:16)    
root     pts/0        192.168.221.127  Tue Mar  1 09:41 - 14:20  (04:39)    
root     pts/0        192.168.221.127  Mon Feb 28 17:49 - 20:35  (02:45)    
root     pts/0        192.168.221.127  Mon Feb 28 13:50 - 17:41  (03:51)    
root     pts/0        192.168.221.127  Fri Feb 25 16:21 - 20:31  (04:09)    
root     pts/0        192.168.221.127  Fri Feb 25 10:35 - 13:06  (02:31)    
root     pts/0        192.168.221.127  Thu Feb 24 14:40 - 17:57  (03:17)    
root     pts/0        192.168.221.127  Mon Feb 21 15:31 - 18:15  (02:43)    
root     pts/0        192.168.221.127  Fri Feb 18 15:08 - 21:12  (06:03)    
reboot   system boot  3.10.0-957.el7.x Thu Feb 17 16:31 - 09:24 (55+16:53)  
root     pts/0        192.168.221.127  Thu Feb 17 10:27 - 13:46  (03:19)    
root     pts/0        192.168.221.127  Wed Feb 16 16:06 - 20:09  (04:03)    
root     pts/0        192.168.221.127  Tue Feb 15 18:12 - 20:47  (02:35)    
root     pts/0        192.168.221.127  Tue Feb 15 14:42 - 18:09  (03:27)    
root     pts/1        192.168.221.127  Fri Feb 11 13:42 - 17:13  (03:31)    
root     pts/0        192.168.218.135  Fri Feb 11 09:39 - 17:38 (3+07:59)   
root     pts/0        192.168.221.127  Thu Feb 10 14:05 - 20:21  (06:16)    
root     pts/0        192.168.207.2    Thu Feb 10 10:30 - 12:54  (02:23)    
root     pts/0        192.168.221.127  Wed Feb  9 15:52 - 20:16  (04:24)    
root     pts/0        192.168.221.127  Tue Feb  8 13:52 - 19:14  (05:22)    
root     pts/0        192.168.221.127  Mon Feb  7 14:47 - 20:26  (05:39)    
reboot   system boot  3.10.0-957.el7.x Mon Feb  7 09:58 - 09:24 (65+23:26)  
root     pts/1        192.168.221.127  Thu Jan 27 13:46 - 20:11  (06:25)    
root     pts/0        192.168.221.127  Thu Jan 27 11:10 - 14:24  (03:13)    
root     pts/1        192.168.221.127  Fri Jan 21 10:17 - 08:22 (3+22:05)   
root     pts/0        10.215.7.66      Fri Jan 21 10:16 - 15:37  (05:21)    
root     tty1                          Fri Jan 21 18:44 - crash (16+15:14)  
reboot   system boot  3.10.0-957.el7.x Fri Jan 21 18:43 - 09:24 (82+14:41)  
root     tty1                          Fri Jan  7 09:59 - crash (14+08:44)  
reboot   system boot  3.10.0-957.el7.x Fri Jan  7 09:59 - 09:24 (96+23:25)  
root     tty1                          Fri Oct  8 18:24 - 18:24  (00:00)    
reboot   system boot  3.10.0-957.el7.x Fri Oct  8 18:23 - 18:24  (00:01)    
root     tty1                          Fri Oct  8 13:50 - 14:00  (00:09)    
reboot   system boot  3.10.0-957.el7.x Fri Oct  8 13:50 - 18:24  (04:34)    

wtmp begins Fri Oct  8 13:50:41 2021
]0;root@localhost:~[root@localhost ~]# 